[Intento 1]
[Intento 2]
[Intento 3]
[Intento 4]
[Intento 5]
[Intento 6]
[Intento 7]
[Intento 8]
[Intento 9]
[Intento 10]
[Intento 11]
[Intento 12]
[Intento 13]
[Intento 14]
[Intento 15]
[Intento 16]
[Intento 17]
[Intento 18]
[Intento 19]
[Intento 20]
[Intento 21]
[Intento 22]
[Intento 23]
[Intento 24]
[Intento 25]
[Intento 26]
[Intento 27]
[Intento 28]
[Intento 29]
[Intento 30]
[Intento 31]
[Intento 32]
[Intento 33]
[Intento 34]
[Intento 35]
[Intento 36]
[Intento 37]
[Intento 38]
[Intento 39]
[Intento 40]
[Intento 41]
[Intento 42]
[Intento 43]
[Intento 44]
[Intento 45]
[Intento 46]
[Intento 47]
[Intento 48]
