nohup: ignoring input
[!] ATAQUE ETERNO INICIADO - NO SE DETENDRÁ JAMÁS
[!] MÚLTIPLES VECTORES DE ATAQUE EN PARALELO
================================================================
[*] Lanzando todos los vectores de ataque...
[+] SQLMap eternal PID: 11688
[+] Fuzzing eternal PID: 11689
[SQLMap] Intentando con diferentes parámetros...
[+] Manual eternal PID: 11690
[+] DirBuster eternal PID: 11691
[+] Nikto eternal PID: 11692
[+] Monitor PID: 11694

[*] TODOS LOS ATAQUES LANZADOS - NO SE DETENDRÁN
[*] PIDs: 11688 11689 11690 11691 11692 11694
[*] Para detener: kill 11688 11689 11690 11691 11692 11694

[*] Logs:
    - sqlmap_results.log
    - wfuzz_results.log
    - manual_results.log
    - gobuster_results.log
    - dirb_results.log
    - nikto_results.log

[*] El ataque continuará ETERNAMENTE...
[DirBuster] Buscando directorios ocultos...
[Fuzzing] Probando con diferentes wordlists...
[Manual] Probando payloads manuales...
[Nikto] Escaneando vulnerabilidades...

[Monitor] Verificando resultados...
[Fuzzing] Probando con diferentes wordlists...
[SQLMap] Intentando con diferentes parámetros...
[Fuzzing] Probando con diferentes wordlists...
[DirBuster] Buscando directorios ocultos...
[SQLMap] Intentando con diferentes parámetros...
[Fuzzing] Probando con diferentes wordlists...
[SQLMap] Intentando con diferentes parámetros...
[Fuzzing] Probando con diferentes wordlists...

[Monitor] Verificando resultados...
[DirBuster] Buscando directorios ocultos...
[Fuzzing] Probando con diferentes wordlists...
[SQLMap] Intentando con diferentes parámetros...
[Fuzzing] Probando con diferentes wordlists...
[SQLMap] Intentando con diferentes parámetros...
[Fuzzing] Probando con diferentes wordlists...
[DirBuster] Buscando directorios ocultos...
[SQLMap] Intentando con diferentes parámetros...
[Fuzzing] Probando con diferentes wordlists...
[Fuzzing] Probando con diferentes wordlists...
[SQLMap] Intentando con diferentes parámetros...

[Monitor] Verificando resultados...
[DirBuster] Buscando directorios ocultos...
[Fuzzing] Probando con diferentes wordlists...
[SQLMap] Intentando con diferentes parámetros...
[Fuzzing] Probando con diferentes wordlists...
[SQLMap] Intentando con diferentes parámetros...
[DirBuster] Buscando directorios ocultos...
[Fuzzing] Probando con diferentes wordlists...
[SQLMap] Intentando con diferentes parámetros...
[Fuzzing] Probando con diferentes wordlists...
[Fuzzing] Probando con diferentes wordlists...
[SQLMap] Intentando con diferentes parámetros...

[Monitor] Verificando resultados...
[DirBuster] Buscando directorios ocultos...
[Fuzzing] Probando con diferentes wordlists...
[SQLMap] Intentando con diferentes parámetros...
[Fuzzing] Probando con diferentes wordlists...
[DirBuster] Buscando directorios ocultos...
[SQLMap] Intentando con diferentes parámetros...
[Fuzzing] Probando con diferentes wordlists...
[Fuzzing] Probando con diferentes wordlists...
[SQLMap] Intentando con diferentes parámetros...
[Fuzzing] Probando con diferentes wordlists...

[Monitor] Verificando resultados...
[DirBuster] Buscando directorios ocultos...
[SQLMap] Intentando con diferentes parámetros...
[Manual] Probando payloads manuales...
[Fuzzing] Probando con diferentes wordlists...
