5965 _setjmp(0x555984418330, 0x7fffab450268, 0x7fffab450278, 0x555984417dc0) = 0
5965 _setjmp(0x5559844181a0, 0, 0x243c26652adf01e9, 0x555984417dc0) = 0
5965 _setjmp(0x555984418268, 0, 0, 0x555984417dc0) = 0
5965 longjmp(0x5559844181a0, 1, 0x124a1bbd17d5c55, 0x555984417dc0 <unfinished ...>
5965 longjmp(0x555984418268, 1, 0x8867e2d15b050000, 0 <unfinished ...>
5965 longjmp(0x5559844181a0, 1, 0x124a1bbd17d5c55, 0 <unfinished ...>
5965 longjmp(0x555984418268, 1, 0x6414f296b60a0000, 0 <unfinished ...>
5965 longjmp(0x5559844181a0, 1, 0x124a1bbd17d5c55, 0 <unfinished ...>
5965 longjmp(0x555984418268, 1, 0x3e572f50110f0000, 0 <unfinished ...>
5965 longjmp(0x5559844181a0, 1, 0x124a1bbd17d5c55, 0 <unfinished ...>
5965 longjmp(0x555984418268, 1, 0xc27e98fd6c140000, 0 <unfinished ...>
5965 longjmp(0x5559844181a0, 1, 0x124a1bbd17d5c55, 0 <unfinished ...>
5965 longjmp(0x555984418268, 1, 0x9bdb2f9ec7190000, 0 <unfinished ...>
5965 longjmp(0x5559844181a0, 1, 0x124a1bbd17d5c55, 0 <unfinished ...>
5965 longjmp(0x555984418268, 1, 0x75bcf334221e0000, 0 <unfinished ...>
5965 longjmp(0x5559844181a0, 1, 0x124a1bbd17d5c55, 0 <unfinished ...>
5965 longjmp(0x555984418268, 1, 0xfb73e3bd7d230000, 0 <unfinished ...>
5965 longjmp(0x5559844181a0, 1, 0x124a1bbd17d5c55, 0 <unfinished ...>
5965 longjmp(0x555984418268, 1, 0xd850013ad8280000, 0 <unfinished ...>
5965 longjmp(0x5559844181a0, 1, 0x124a1bbd17d5c55, 0 <unfinished ...>
5965 longjmp(0x555984418268, 1, 0xb7a14bac332d0000, 0 <unfinished ...>
5965 longjmp(0x5559844181a0, 1, 0x124a1bbd17d5c55, 0 <unfinished ...>
5965 longjmp(0x555984418268, 1, 0x44b7c3118e320000, 0 <unfinished ...>
5965 longjmp(0x5559844181a0, 1, 0x124a1bbd17d5c55, 0 <unfinished ...>
5965 longjmp(0x555984418268, 1, 0x2ae3676ae9370000, 0 <unfinished ...>
5965 longjmp(0x5559844181a0, 1, 0x124a1bbd17d5c55, 0 <unfinished ...>
5965 longjmp(0x555984418268, 1, 0x157438b8443c0000, 0 <unfinished ...>
5965 longjmp(0x5559844181a0, 1, 0x124a1bbd17d5c55, 0 <unfinished ...>
5965 longjmp(0x555984418268, 1, 0xafba36f99f410000, 0 <unfinished ...>
5965 longjmp(0x5559844181a0, 1, 0x124a1bbd17d5c55, 0 <unfinished ...>
5965 longjmp(0x555984418268, 1, 0xa505622efa460000, 0 <unfinished ...>
5965 longjmp(0x5559844181a0, 1, 0x124a1bbd17d5c55, 0 <unfinished ...>
5965 longjmp(0x555984418268, 1, 0xa0a5ba58554b0000, 0 <unfinished ...>
5965 longjmp(0x5559844181a0, 1, 0x124a1bbd17d5c55, 0 <unfinished ...>
5965 longjmp(0x555984418268, 1, 0x4deb3f75b0500000, 0 <unfinished ...>
5965 longjmp(0x5559844181a0, 1, 0x124a1bbd17d5c55, 0 <unfinished ...>
5965 longjmp(0x555984418268, 1, 0x5825f1870b550000, 0 <unfinished ...>
5965 longjmp(0x5559844181a0, 1, 0x124a1bbd17d5c55, 0 <unfinished ...>
5965 longjmp(0x555984418268, 1, 0x6aa5d08c665a0000, 0 <unfinished ...>
5965 longjmp(0x5559844181a0, 1, 0x124a1bbd17d5c55, 0 <unfinished ...>
5965 longjmp(0x555984418268, 1, 0x30badc85c15f0000, 0 <unfinished ...>
5965 longjmp(0x5559844181a0, 1, 0x124a1bbd17d5c55, 0 <unfinished ...>
5965 longjmp(0x555984418268, 1, 0x55b515731c640000, 0 <unfinished ...>
5965 longjmp(0x5559844181a0, 1, 0x124a1bbd17d5c55, 0 <unfinished ...>
5965 longjmp(0x555984418268, 1, 0x84e47b5477690000, 0 <unfinished ...>
5965 longjmp(0x5559844181a0, 1, 0x124a1bbd17d5c55, 0 <unfinished ...>
5965 longjmp(0x555984418268, 1, 0x69990e29d26e0000, 0 <unfinished ...>
5965 longjmp(0x5559844181a0, 1, 0x124a1bbd17d5c55, 0 <unfinished ...>
5965 longjmp(0x555984418268, 1, 0xaf22cdf32d730000, 0 <unfinished ...>
5965 longjmp(0x5559844181a0, 1, 0x124a1bbd17d5c55, 0 <unfinished ...>
5965 longjmp(0x555984418268, 1, 0xd1bab088780000, 0 <unfinished ...>
5965 longjmp(0x5559844181a0, 1, 0x124a1bbd17d5c55, 0 <unfinished ...>
5965 longjmp(0x555984418268, 1, 0x9f5d461e37d0000, 0 <unfinished ...>
5965 longjmp(0x5559844181a0, 1, 0x124a1bbd17d5c55, 0 <unfinished ...>
5965 longjmp(0x555984418268, 1, 0x75df1b073e820000, 0 <unfinished ...>
5965 longjmp(0x5559844181a0, 1, 0x124a1bbd17d5c55, 0 <unfinished ...>
5965 longjmp(0x555984418268, 1, 0xefdd8ea099870000, 0 <unfinished ...>
5965 longjmp(0x5559844181a0, 1, 0x124a1bbd17d5c55, 0 <unfinished ...>
5965 longjmp(0x555984418268, 1, 0x23412f2df48c0000, 0 <unfinished ...>
5965 longjmp(0x5559844181a0, 1, 0x124a1bbd17d5c55, 0 <unfinished ...>
5965 longjmp(0x555984418268, 1, 0xbb59fcaf4f910000, 0 <unfinished ...>
5965 longjmp(0x5559844181a0, 1, 0x124a1bbd17d5c55, 0 <unfinished ...>
5965 longjmp(0x555984418268, 1, 0x6377f724aa960000, 0 <unfinished ...>
5965 longjmp(0x5559844181a0, 1, 0x124a1bbd17d5c55, 0 <unfinished ...>
5965 longjmp(0x555984418268, 1, 0xc6eb1e8e059b0000, 0 <unfinished ...>
